// Jest Snapshot v1, https://goo.gl/fbAQLP

exports[`CenterTabs renders correctly 1`] = `
<div
  className="MuiBox-root css-pzaa1o"
>
  <div
    className="MuiBox-root css-1gsv261"
  >
    <div
      className="MuiTabs-root css-1ujnqem-MuiTabs-root"
    >
      <div
        className="MuiTabs-scroller MuiTabs-fixed css-jpln7h-MuiTabs-scroller"
        style={
          {
            "marginBottom": -0,
            "overflow": "hidden",
          }
        }
      >
        <div
          aria-label="basic tabs example"
          aria-orientation={null}
          className="MuiTabs-flexContainer MuiTabs-centered css-1wf8b0h-MuiTabs-flexContainer"
          onKeyDown={[Function]}
          role="tablist"
        >
          <button
            aria-controls="simple-tabpanel-0"
            aria-selected={true}
            className="MuiButtonBase-root MuiTab-root MuiTab-textColorPrimary Mui-selected css-1h9z7r5-MuiButtonBase-root-MuiTab-root"
            disabled={false}
            id="simple-tab-0"
            onBlur={[Function]}
            onClick={[Function]}
            onContextMenu={[Function]}
            onDragLeave={[Function]}
            onFocus={[Function]}
            onKeyDown={[Function]}
            onKeyUp={[Function]}
            onMouseDown={[Function]}
            onMouseLeave={[Function]}
            onMouseUp={[Function]}
            onTouchEnd={[Function]}
            onTouchMove={[Function]}
            onTouchStart={[Function]}
            role="tab"
            tabIndex={0}
            type="button"
          >
            <div
              className="MuiAvatar-root MuiAvatar-circular css-1wlk0hk-MuiAvatar-root"
            >
              <img
                alt="Remy Sharp"
                className="MuiAvatar-img css-1pqm26d-MuiAvatar-img"
                src="../../assets/images/team/oleg.jpg"
              />
            </div>
            <span
              className="MuiTabs-indicator css-1aquho2-MuiTabs-indicator"
              style={{}}
            />
          </button>
          <button
            aria-controls="simple-tabpanel-1"
            aria-selected={false}
            className="MuiButtonBase-root MuiTab-root MuiTab-textColorPrimary css-1h9z7r5-MuiButtonBase-root-MuiTab-root"
            disabled={false}
            id="simple-tab-1"
            onBlur={[Function]}
            onClick={[Function]}
            onContextMenu={[Function]}
            onDragLeave={[Function]}
            onFocus={[Function]}
            onKeyDown={[Function]}
            onKeyUp={[Function]}
            onMouseDown={[Function]}
            onMouseLeave={[Function]}
            onMouseUp={[Function]}
            onTouchEnd={[Function]}
            onTouchMove={[Function]}
            onTouchStart={[Function]}
            role="tab"
            tabIndex={-1}
            type="button"
          >
            <div
              className="MuiAvatar-root MuiAvatar-circular css-1wlk0hk-MuiAvatar-root"
            >
              <img
                alt="Remy Sharp"
                className="MuiAvatar-img css-1pqm26d-MuiAvatar-img"
                src="../../assets/images/team/kate.jpg"
              />
            </div>
          </button>
          <button
            aria-controls="simple-tabpanel-2"
            aria-selected={false}
            className="MuiButtonBase-root MuiTab-root MuiTab-textColorPrimary css-1h9z7r5-MuiButtonBase-root-MuiTab-root"
            disabled={false}
            id="simple-tab-2"
            onBlur={[Function]}
            onClick={[Function]}
            onContextMenu={[Function]}
            onDragLeave={[Function]}
            onFocus={[Function]}
            onKeyDown={[Function]}
            onKeyUp={[Function]}
            onMouseDown={[Function]}
            onMouseLeave={[Function]}
            onMouseUp={[Function]}
            onTouchEnd={[Function]}
            onTouchMove={[Function]}
            onTouchStart={[Function]}
            role="tab"
            tabIndex={-1}
            type="button"
          >
            <div
              className="MuiAvatar-root MuiAvatar-circular css-1wlk0hk-MuiAvatar-root"
            >
              <img
                alt="Remy Sharp"
                className="MuiAvatar-img css-1pqm26d-MuiAvatar-img"
                src="../../assets/images/team/andrey.jpg"
              />
            </div>
          </button>
        </div>
      </div>
    </div>
  </div>
  <div
    aria-labelledby="simple-tab-0"
    hidden={false}
    id="simple-tabpanel-0"
    role="tabpanel"
  >
    <div
      className="MuiBox-root css-19kzrtu"
    >
      <p
        className="MuiTypography-root MuiTypography-body1 css-ahj2mt-MuiTypography-root"
      >
        Вклад Олега был в ... Lorem ipsum dolor sit amet consectetur adipisicing elit. Expedita, qui autem! Rem atque at adipisci modi. Tempore vitae laborum cupiditate, quidem placeat obcaecati excepturi blanditiis molestiae dignissimos explicabo totam fuga. Lorem ipsum dolor sit amet consectetur adipisicing elit. Expedita, qui autem! Rem atque a adipisci modi. Tempore vitae laborum cupiditate, quidem placeat obcaecati excepturi blanditiis molestiae dignissimos explicabo totam fuga. quidem placeat obcaecati excepturi blanditiis molestiae dignissimos explicabo totam fuga. Lorem ipsum dolor sit amet consectetur adipisicing elit. Expedita, qui autem! Rem atque a adipisci modi. Tempore vitae laborum cupiditate, quidem placeat obcaecati excepturi blanditiis molestiae dignissimos explicabo.
      </p>
    </div>
  </div>
  <div
    aria-labelledby="simple-tab-1"
    hidden={true}
    id="simple-tabpanel-1"
    role="tabpanel"
  />
  <div
    aria-labelledby="simple-tab-2"
    hidden={true}
    id="simple-tabpanel-2"
    role="tabpanel"
  />
</div>
`;
